// Jest Snapshot v1, https://goo.gl/fbAQLP

exports[`ConditionInfo.vue renders a ConditionInfo component 1`] = `undefined`;
