// Jest Snapshot v1, https://goo.gl/fbAQLP

exports[`Signin.vue renders a Signin component 1`] = `<div />`;
