// Jest Snapshot v1, https://goo.gl/fbAQLP

exports[`Stats.vue renders a Stats component 1`] = `
<div>
  <div
    class="container-fluid"
  >
    <div
      class="row"
    >
      <div
        class="col"
      >
        <form
          class="form-inline"
        >
          <input
            class="form-control"
            placeholder="hrs"
            style="width: 100px;"
            type="number"
          />
           
          <button
            class="btn btn-success btn-sm"
            style="margin-left: 10px;"
            type="submit"
          >
            Get Stats
          </button>
        </form>
         
        <div
          class="font-italic"
          style="width: 100px; text-align: center;"
        >
          hours
        </div>
      </div>
       
      <div
        class="col"
      >
        <div
          class="float-right"
        >
          Decisions in the past 1 hours : 
        </div>
      </div>
    </div>
     
    <br />
     
    <div
      class="row"
    >
      <div
        class="col"
      >
        <bpagination-stub
          current-page="1"
          perpage="50"
          size="md"
          v-model="1"
        />
      </div>
    </div>
     
    <div
      class="b-table"
    >
      <btable-stub
        apiurl=""
        currentpage="1"
        emptyfilteredtext="There are no records matching your request"
        emptytext="There are no records to show"
        fields="[object Object],[object Object],[object Object],[object Object],[object Object]"
        footvariant=""
        headvariant=""
        hover="true"
        items="function () { [native code] }"
        labelsortasc="Click to sort Ascending"
        labelsortdesc="Click to sort Descending"
        perpage="50"
        responsive="true"
        showempty="true"
        sortdirection="asc"
        striped="true"
        value=""
      />
    </div>
  </div>
</div>
`;
