// Jest Snapshot v1, https://goo.gl/fbAQLP

exports[`HistoryList.vue renders a HistoryList component 1`] = `
<div
  class="col history-list-parent-col"
>
  <spinner-stub
    classname="history-spinner hidden"
  />
   
  <div
    class="row history-list-view"
  >
    <div
      class="empty-list"
    >
      ( No data )
    </div>
  </div>
</div>
`;
