// Jest Snapshot v1, https://goo.gl/fbAQLP

exports[`RequestInfoHeader.vue renders an RequestInfoHeader component 1`] = `undefined`;
