// Jest Snapshot v1, https://goo.gl/fbAQLP

exports[`ConditionRecipe.vue renders a ConditionRecipe component 1`] = `
<div
  class="container-fluid"
>
  <div
    class="row"
    id="condition"
  >
    <div
      class="col"
    >
      <conditioninfo-stub />
    </div>
  </div>
</div>
`;
