// Jest Snapshot v1, https://goo.gl/fbAQLP

exports[`Nwpta.vue renders a RequestInfoHeader component 1`] = `undefined`;
