// Jest Snapshot v1, https://goo.gl/fbAQLP

exports[`InternalComments.vue renders an internal comments component 1`] = `<span />`;
