// Jest Snapshot v1, https://goo.gl/fbAQLP

exports[`RecipeMenu.vue renders a RecipeMenu component 1`] = `undefined`;
