// Jest Snapshot v1, https://goo.gl/fbAQLP

exports[`RequestInfoHeader.vue renders a RequestInfoHeader component 1`] = `
<v-flex-stub
  tag="div"
>
  <v-container-stub
    class=""
    fluid=""
    mt-2=""
    pa-0=""
    tag="div"
  >
    <v-layout-stub
      align-start=""
      pb-2=""
      row=""
      tag="div"
    >
      <v-flex-stub
        class="nr-number,text-left,mx-4,dk-grey"
        shrink=""
        tag="div"
      >
        <span
          id="nrNumberDisplay"
        >
          
        </span>
         
        <v-icon-stub>
          open_in_new
        </v-icon-stub>
      </v-flex-stub>
       
      <v-flex-stub
        grow="true"
        tag="div"
      >
        <v-layout-stub
          column=""
          tag="div"
        >
          <v-flex-stub
            fs-16=""
            fw-600=""
            id="request-type-desc"
            mt-2=""
            tag="div"
          >
            ERROR!!
          </v-flex-stub>
           
          <v-flex-stub
            fs-14=""
            fw-600=""
            tag="div"
          >
            
          </v-flex-stub>
        </v-layout-stub>
      </v-flex-stub>
       
      <actionbuttons-stub
        edit="function () { [native code] }"
        toggledetails="function () { [native code] }"
      />
    </v-layout-stub>
  </v-container-stub>
   
  <v-container-stub
    align-start=""
    class="info-banner-collapsed"
    fluid=""
    id="header-info-banner"
    justify-space-between=""
    ma-0=""
    py-0=""
    tag="div"
  >
    <v-layout-stub
      align-start=""
      justify-space-between=""
      pt-2=""
      tag="div"
    >
      <v-flex-stub
        fs-15=""
        ml-3=""
        shrink=""
        tag="div"
      >
        <v-layout-stub
          column=""
          tag="div"
        >
          <!---->
           
          <v-flex-stub
            id="div1"
            tag="div"
          >
            <b>
              Status:
            </b>
            <span
              id="nrStatusText"
            >
              
            
            </span>
          </v-flex-stub>
           
          <v-flex-stub
            tag="div"
          >
            <b>
              Examiner:
            </b>
             
          </v-flex-stub>
           
          <v-flex-stub
            tag="div"
          >
            <v-icon-stub
              class="mirrored"
              color="light-blue"
            >
              chat_bubble_outline
            </v-icon-stub>
             
            <b
              class="dark-blue--text"
            >
              
              0 C
              <span
                class="shortkey"
              >
                o
              </span>
              mments
            </b>
          </v-flex-stub>
        </v-layout-stub>
      </v-flex-stub>
       
      <v-flex-stub
        mx-2=""
        shrink=""
        tag="div"
      >
        <v-divider-stub
          vertical="true"
        />
      </v-flex-stub>
       
      <v-flex-stub
        fs-15=""
        tag="div"
      >
        <v-layout-stub
          column=""
          tag="div"
        >
          <v-flex-stub
            tag="div"
          >
            <b>
              Submit:
            </b>
             Invalid date
          </v-flex-stub>
           
          <!---->
           
          <!---->
           
          <v-flex-stub
            class="grey--text"
            tag="div"
          >
            <b>
              Expiry:
            </b>
             n/a
          </v-flex-stub>
           
          <v-flex-stub
            class="grey--text"
            tag="div"
          >
            <b>
              Consumed:
            </b>
             n/a
          
          </v-flex-stub>
           
          <!---->
        </v-layout-stub>
      </v-flex-stub>
       
      <v-flex-stub
        mx-2=""
        shrink=""
        tag="div"
      >
        <v-divider-stub
          vertical="true"
        />
      </v-flex-stub>
       
      <v-flex-stub
        fs-15=""
        tag="div"
      >
        <v-layout-stub
          column=""
          id="nwpta-ab"
          tag="div"
        >
          <nwpta-stub
            jurisdiction="AB"
            style="max-width: 120px;"
          />
        </v-layout-stub>
      </v-flex-stub>
       
      <v-flex-stub
        fs-15=""
        tag="div"
      >
        <v-layout-stub
          column=""
          id="nwpta-sk"
          tag="div"
        >
          <nwpta-stub
            jurisdiction="SK"
            style="max-width: 120px;"
          />
        </v-layout-stub>
      </v-flex-stub>
       
      <v-flex-stub
        mx-2=""
        shrink=""
        tag="div"
      >
        <v-divider-stub
          vertical="true"
        />
      </v-flex-stub>
       
      <infoheaderpopup-stub
        class=""
        infotype="information"
        save="function () { [native code] }"
        text=""
        title="Additional Info:"
      />
       
      <v-flex-stub
        mx-3=""
        shrink=""
        tag="div"
      >
        <v-divider-stub
          vertical="true"
        />
      </v-flex-stub>
       
      <infoheaderpopup-stub
        class=""
        infotype="nature"
        text=""
        title="N.O.B.:"
      >
        <v-layout-stub
          column=""
          tag="div"
        >
          <!---->
           
          <!---->
           
          <!---->
        </v-layout-stub>
      </infoheaderpopup-stub>
       
      <v-flex-stub
        mx-3=""
        shrink=""
        tag="div"
      >
        <v-divider-stub
          vertical="true"
        />
      </v-flex-stub>
       
      <infoheaderpopup-stub
        class="ma-0 pr-2"
        infotype="applicant"
        title="Applicant Information:"
      >
        <clientinfoheader-stub
          cancelsave="function () { [native code] }"
          save="function () { [native code] }"
        />
      </infoheaderpopup-stub>
    </v-layout-stub>
  </v-container-stub>
   
  <!---->
</v-flex-stub>
`;
