// Jest Snapshot v1, https://goo.gl/fbAQLP

exports[`ClientInfoHeader.vue renders a ClientInfoHeader component 1`] = `<!---->`;
