// Jest Snapshot v1, https://goo.gl/fbAQLP

exports[`ConditionInfo.vue renders an ConditionInfo component 1`] = `undefined`;
