// Jest Snapshot v1, https://goo.gl/fbAQLP

exports[`HistoryInfo.vue renders a HistoryInfo component 1`] = `
<span>
  <h2
    id="currentHistoryName"
  >
    
  </h2>
   
  <div
    class="add-top-padding"
  >
    <nullmatch-stub />
  </div>
</span>
`;
