// Jest Snapshot v1, https://goo.gl/fbAQLP

exports[`App.vue  renders the App 1`] = `
<div
  style="height: 100%;"
>
  <v-app-stub
    id="app"
  >
    <div
      class=""
      id="app"
      style="height: 100%;"
    >
      <std-header-stub
        style="z-index: 2;"
      />
       
      <router-view
        style="z-index: 1;"
      />
    </div>
     
    <v-dialog-stub
      class="pa-0"
      contentclass="shift-dialog-up"
      maxwidth="none"
      origin="center center"
      transition="dialog-transition"
      width="50%"
    >
      <v-container-stub
        bg-white=""
        fluid=""
        ma-0=""
        pa-0=""
        tag="div"
      >
        <v-layout-stub
          column=""
          tag="div"
        >
          <v-flex-stub
            class="fw-700 fs-18 mb-0 pa-2 error-modal"
            tag="div"
          >
            
            Error
          
          </v-flex-stub>
           
          <v-flex-stub
            class="pre-line"
            fs-15=""
            mt-1=""
            pa-2=""
            tag="div"
          >
            <!---->
             
            <!---->
          </v-flex-stub>
           
          <v-flex-stub
            tag="div"
          >
            <div
              style="display: flex; justify-content: flex-end;"
            >
              <div>
                <v-btn-stub
                  activeclass="v-btn--active"
                  class="c-link"
                  flat="true"
                  tag="button"
                  type="button"
                >
                  Dismiss
                
                </v-btn-stub>
              </div>
            </div>
          </v-flex-stub>
        </v-layout-stub>
      </v-container-stub>
    </v-dialog-stub>
  </v-app-stub>
</div>
`;
