// Jest Snapshot v1, https://goo.gl/fbAQLP

exports[`ClientInfo.vue renders a ClientInfo component 1`] = `
<span>
  <h3>
    Client
  </h3>
   
  <p>
     
  </p>
   
  <h3>
    Applicant Info
  </h3>
   
  <p>
      
  </p>
   
  <p>
    
  </p>
   
  <p>
    
  </p>
   
  <p>
    
  </p>
   
  <p>
     
  </p>
   
  <p>
    
  </p>
   
  <p>
    
  </p>
   
  <div
    class="row"
  >
    <!---->
     
    <!---->
  </div>
   
  <h3>
    Email
  </h3>
   
  <p>
    
  </p>
   
  <h3>
    Contact
  </h3>
   
  <p>
    
  </p>
</span>
`;
